// Jest Snapshot v1, https://goo.gl/fbAQLP

exports[`<User/> tree component <Comment/> component render component with props 1`] = `
<div>
  <div
    class="uk-card-small uk-card-default uk-card-hover"
  >
    <div
      class="uk-card-body"
    >
      <span
        class="uk-text-meta uk-text-italic"
      >
        2020-12-12
      </span>
      <p
        class="uk-text-secondary uk-text-italic"
      >
        "
        This is a comment
        "
      </p>
    </div>
    <div
      class="uk-card-footer uk-text-right"
    >
      <a
        class="uk-link-heading"
        href="/user/mamberroi/post/2"
      >
        Ver Post
         
      </a>
    </div>
  </div>
</div>
`;

exports[`<User/> tree component <Data/> component render component with props 1`] = `
<div>
  <div
    class="uk-text-center"
  >
    <h2
      class="sc-hiSbYr khrcIs uk-text-bolder uk-text-truncate fontSizeLarge"
      title="REALUSER"
    >
      REALUSER
    </h2>
    <div
      class="uk-margin"
    >
      <p
        class="uk-margin-remove-top uk-text-meta uk-text-italic"
      >
        Member since: 
      </p>
      <p
        class="uk-text-bold"
      >
        ADMIN
      </p>
      <div
        class="uk-grid uk-flex-around"
        uk-grid=""
      />
    </div>
  </div>
</div>
`;

exports[`<User/> tree component render <User/> component with invalid username 1`] = `
<div>
  <div
    class="sc-hKgILt fzCzjc uk-animation-fade uk-padding-large"
  >
    <div>
      <img
        alt="not found"
        class="sc-dlfnbm hgZGFd"
        src="search.svg"
      />
      <h3
        class="sc-dIUggk iSqZBj uk-margin-small"
      >
        We're looking for 
        <code
          class="sc-hHftDr iOCOgQ"
        >
          /user/realUser
        </code>
         but we don't have any results
      </h3>
    </div>
    <div
      class="uk-margin"
    >
      <a
        href="/"
      >
        <code
          class="sc-hHftDr iOCOgQ"
        >
          Return to the main page
        </code>
      </a>
    </div>
  </div>
</div>
`;
